[38;2;147;180;251m╭──────────────────────────────────────────────────────────────────────────────────────────────────╮[m
[38;2;147;180;251m│[m [1mTheme[m                                                                                            [38;2;147;180;251m│[m
[38;2;147;180;251m│[m [38;2;139;139;147mChoose the colours mantle uses. Custom themes come from /nonexistent.[m                            [38;2;147;180;251m│[m
[38;2;147;180;251m│[m                                                                                                  [38;2;147;180;251m│[m
[38;2;147;180;251m│[m   1. Auto (follow the terminal background)                                                       [38;2;147;180;251m│[m
[38;2;147;180;251m│[m   2. Dark                                  [38;2;111;194;139m✔[m                                                     [38;2;147;180;251m│[m
[38;2;147;180;251m│[m [38;2;147;180;251m❯[m 3. [38;2;147;180;251mLight                                [m                                                       [38;2;147;180;251m│[m
[38;2;147;180;251m│[m   4. Dark, colour-blind friendly                                                                 [38;2;147;180;251m│[m
[38;2;147;180;251m│[m   5. Light, colour-blind friendly                                                                [38;2;147;180;251m│[m
[38;2;147;180;251m│[m   6. Dark, terminal palette only                                                                 [38;2;147;180;251m│[m
[38;2;147;180;251m│[m   7. Light, terminal palette only                                                                [38;2;147;180;251m│[m
[38;2;147;180;251m│[m                                                                                                  [38;2;147;180;251m│[m
[38;2;147;180;251m│[m [38;2;139;139;147mPreview · syntax highlighting on[m                                                                 [38;2;147;180;251m│[m
[38;2;147;180;251m│[m [38;2;110;110;118m 1 [m[38;2;138;63;176mfunc[m greet(name [38;2;138;63;176mstring[m) [38;2;138;63;176mstring[m {                                                              [38;2;147;180;251m│[m
[38;2;147;180;251m│[m [48;2;248;220;222m[38;2;29;29;33m 2 -    [38;2;138;63;176mreturn[m [38;2;63;138;47m"hi "[m + name[m[m                                                                      [38;2;147;180;251m│[m
[38;2;147;180;251m│[m [48;2;217;242;223m[38;2;29;29;33m 2 +    [38;2;138;63;176mreturn[m [38;2;63;138;47m"Hello, "[m + name + [38;2;63;138;47m"!"[m[m[m                                                            [38;2;147;180;251m│[m
[38;2;147;180;251m│[m [38;2;110;110;118m 3 [m}                                                                                             [38;2;147;180;251m│[m
[38;2;147;180;251m│[m [38;2;196;100;58m✻[m [38;2;46;138;78mdone[m  [38;2;168;115;15mwarning[m  [38;2;200;50;60merror[m                                                                           [38;2;147;180;251m│[m
[38;2;147;180;251m╰──────────────────────────────────────────────────────────────────────────────────────────────────╯[m
 [38;2;139;139;147menter to choose · ctrl+t to toggle syntax highlighting · ctrl+e to edit custom theme · esc to canc…[m
