[38;2;147;180;251m╭──────────────────────────────────────────────────────────────────────────────────────────────────────────────────────────────────────────────────────────────╮[m
[38;2;147;180;251m│[m [1mEffort[m                                                                                                                                                       [38;2;147;180;251m│[m
[38;2;147;180;251m│[m [38;2;139;139;147mFor Default (recommended). Higher effort thinks longer and costs more.[m                                                                                       [38;2;147;180;251m│[m
[38;2;147;180;251m│[m                                                                                                                                                              [38;2;147;180;251m│[m
[38;2;147;180;251m│[m [38;2;139;139;147m○ low[m  [38;2;139;139;147m○ medium[m  [38;2;147;180;251m● high[m  [38;2;139;139;147m○ xhigh[m  [38;2;139;139;147m○ max[m                                                                                                                      [38;2;147;180;251m│[m
[38;2;147;180;251m│[m                                                                                                                                                              [38;2;147;180;251m│[m
[38;2;147;180;251m│[m Ultracode  [38;2;139;139;147moff[m[38;2;139;139;147m  · lets Claude plan and run multi-agent workflows[m                                                                                             [38;2;147;180;251m│[m
[38;2;147;180;251m╰──────────────────────────────────────────────────────────────────────────────────────────────────────────────────────────────────────────────────────────────╯[m
 [38;2;139;139;147m←/→ to change · tab to toggle ultracode · enter to save · s to use for this session only · esc to cancel[m
