[38;2;158;166;243m────────────────────────────────────────────────────────────────────────────────────────────────────────────────────────────────────────────────────────────────[m
[38;2;230;227;222mOutput: shell · npm run dev[m
  > app@1.0.0 dev
  > vite

    VITE ready in 312 ms
    ➜  Local: http://localhost:5173/
[38;2;139;139;147mx stop · esc back[m
