
[38;2;238;114;168m────────────────────────────────────────────────────────────────────────────────────────────────────────────────────────────────────────────────────────────────[m
! git status
[38;2;238;114;168m────────────────────────────────────────────────────────────────────────────────────────────────────────────────────────────────────────────────────────────────[m
