[38;2;108;108;116m─── [m[38;2;139;139;147mHistory 2/2[m[38;2;108;108;116m [m[38;2;108;108;116m────────────────────────────────────────────────────────────────────────────────────────────────────────────────────────────────[m[38;2;108;108;116m [m[38;2;139;139;147mdb-migration[m[38;2;108;108;116m ──[m
❯ beta prompt
[38;2;108;108;116m────────────────────────────────────────────────────────────────────────────────────────────────────────────────────────────────────────────────────────────────[m
