╭─ Checks ─────────────────────────────────────────────────╮
│ ← ☒ Manager  ☒ Checks  ✔ Submit →                        │
│                                                          │
│ Which checks?                                            │
│   1. [x] lint                                            │
│   2. [ ] test                                            │
│   3. [ ] build                                           │
│ ❯ 4. [x] docs                                            │
│   Review →                                               │
│                                                          │
│ space to toggle · enter on Next to continue · esc to     │
│ cancel · tab for next question                           │
╰──────────────────────────────────────────────────────────╯
