────────────────────────────────────────────────────────────────────────────────────────────────────
 Review
 ← ☒ Manager  ☐ Checks  ✔ Submit →
 
 Review your answers
  • Which package manager?
    → yarn
  • Which checks?
    → (no answer)
 
 ❯ 1. Submit answers
   2. Cancel
 enter to confirm · ←/→ to switch questions · esc to cancel
