────────────────────────────────────────────────────────────────────────────────────────────────────
 Auto mode billing is changing
 This session keeps the old billing.

 Classifier requests are billed as before. Details:
 https://example.test/docs/en/auto-mode-classifier-billing

 Enter to continue · Esc to stop
