────────────────────────────────────────────────────────────
 MCP tool
 Tip: auto mode can answer prompts like this one for you;
 pick "switch to auto mode" below
 github (project) · create_issue
╌╌╌╌╌╌╌╌╌╌╌╌╌╌╌╌╌╌╌╌╌╌╌╌╌╌╌╌╌╌╌╌╌╌╌╌╌╌╌╌╌╌╌╌╌╌╌╌╌╌╌╌╌╌╌╌╌╌╌╌
 {
   "repo": "acme/app",
   "title": "Crash on start"
 }
╌╌╌╌╌╌╌╌╌╌╌╌╌╌╌╌╌╌╌╌╌╌╌╌╌╌╌╌╌╌╌╌╌╌╌╌╌╌╌╌╌╌╌╌╌╌╌╌╌╌╌╌╌╌╌╌╌╌╌╌
 Do you want to proceed?
 ❯ 1. Yes
   2. Yes, and switch to auto mode
      · auto mode answers prompts like this one for you
   3. No
 
 Esc to cancel · Tab to amend
