────────────────────────────────────────────────────────────────────────────────────────────────────
 Read file
 Builder mod-a3f · subagent code-reviewer is asking
 /etc/hosts
 lines 10–29
 Why: Path is outside the working directory
 Claude wants to read hosts
 ❯ 1. Yes
   2. Yes, and always allow access to /etc in this project
   3. No

 Esc to cancel · Tab to amend
