╭─ Bash command (1 of 3) ──────────────────────────────────────────────────────────────────────────╮
│   npm test                                                                                       │
│   Run tests                                                                                      │
│                                                                                                  │
│ Do you want to proceed?                                                                          │
│ ❯ 1. Yes                                                                                         │
│   2. Yes, and don't ask again for Bash(npm test:*) in this project                               │
│   3. No, and tell Claude what to do differently                                                  │
│   4. No, and stop                                                                                │
│ esc to deny · tab to amend · shift+tab to change mode                                            │
╰──────────────────────────────────────────────────────────────────────────────────────────────────╯
