╭─ Do you trust this folder? ──────────────────────────────╮
│ /work/proj                                               │
│                                                          │
│ Claude Code will be able to read, change and run files   │
│ here. Only continue if you trust the people who wrote    │
│ this folder's code and settings.                         │
│                                                          │
│ This folder's configuration will take effect:            │
│ Allowed without asking:                                  │
│   • Bash(npm test:*)                                     │
│   • Read                                                 │
│ Hooks that run automatically:                            │
│   • PreToolUse (Bash): ./scripts/check.sh                │
│ Commands run by settings:                                │
│   • apiKeyHelper: ./get-key.sh                           │
│ Environment variables set:                               │
│   • NODE_ENV                                             │
│ MCP servers:                                             │
│   • db (stdio: npx db-mcp)                               │
│ Project commands and agents:                             │
│   • .claude/commands                                     │
│                                                          │
│ ❯ 1. Yes, I trust this folder                            │
│   2. No, exit                                            │
│ enter to confirm · esc to exit                           │
╰──────────────────────────────────────────────────────────╯
