────────────────────────────────────────────────────────────────────────────────────────────────────
 Do you trust this folder?
 /home/user

 Claude Code will be able to read, change and run files here. Only continue if you trust the people
 who wrote this folder's code and settings.

 This is your home directory: trust lasts for this session only.

 ❯ 1. Yes, I trust this folder
   2. No, exit
 enter to confirm · esc to exit
