╭─ Usage limit reached ────────────────────────────────────╮
│ You've reached your usage limit.                         │
│ It resets at 3:00 PM.                                    │
│                                                          │
│ ❯ 1. Wait until 3:00 PM and continue                     │
│   2. Switch model                                        │
│   3. Stop                                                │
╰──────────────────────────────────────────────────────────╯
