[38;2;139;139;147m❯ [38;2;230;227;222msummarise the build log[m
[38;2;85;85;92m────────────────────────────────────────────────────────────────────────────────────────────────────────────────────────[m
[38;2;224;149;110mNotes[m                          [48;2;46;67;102mlog lin[me 08
[38;2;139;139;147mclicked 0 times[m                log line 09
                               log line 10
                               log line 11
                               log line 12
                               log line 13
                               log line 14
                               log line 15
                               log line 16
                               log line 17
                               log line 18
                               log line 19
                               log line 20
                               log line 21
                               log line 22
                               log line 23
                               log line 24
                               log line 25
                               log line 26
                               log line 27
                               log line 28
                               log line 29
                               log line 30
                               log line 31
                               log line 32
                               log line 33
                               log line 34
                               log line 35
                               log line 36
                               log line 37
                               log line 38
                               log line 39
                               log line 40
                               log line 41
                               log line 42
                               log line 43
                                                                                              [38;2;22;22;26;48;2;147;180;251m ↓ 2 new lines · ctrl+end[39m [m
❯ type here
