[1;38;2;224;149;110mImport[m[38;2;139;139;147m · codex[m

  Found 3 importable items from Example Agent (scan digest:
  d1g3st).
    [user] instructions file -> CLAUDE.md
    [user] 2 MCP servers

  [38;2;230;227;222mImport these into Claude Code?[m

  [38;2;139;139;147menter import · esc cancel[m
