Plugins · [Discover]  Installed  Marketplaces

  Showing all marketplaces

  ❯ ✓ demo                  @example-market · 1.2k installs…
      bare                  @directory
      remote-tool           @example-market · Fetched from …

  tab switch tab · / search · i install · f favorite ·
  ctrl+s marketplace · enter details · esc close
