[38;2;147;180;251m╭──────────────────────────────────────────────────────────────────────────────────────────────────╮[m
[38;2;147;180;251m│[m [1mPermissions[m                                                                                      [38;2;147;180;251m│[m
[38;2;147;180;251m│[m                                                                                                  [38;2;147;180;251m│[m
[38;2;147;180;251m│[m [38;2;147;180;251m[Allow][m [38;2;139;139;147m Ask [m [38;2;139;139;147m Deny [m [38;2;139;139;147m Workspace [m [38;2;139;139;147m Auto mode [m                                                     [38;2;147;180;251m│[m
[38;2;147;180;251m│[m [38;2;139;139;147mClaude uses these without asking.[m                                                                [38;2;147;180;251m│[m
[38;2;147;180;251m│[m                                                                                                  [38;2;147;180;251m│[m
[38;2;147;180;251m│[m Save [1mBash(make test)[m where?                                                                      [38;2;147;180;251m│[m
[38;2;147;180;251m│[m                                                                                                  [38;2;147;180;251m│[m
[38;2;147;180;251m│[m [38;2;147;180;251m❯[m 1. [38;2;147;180;251mThis project, just me (.claude/settings.local.j…[m                                            [38;2;147;180;251m│[m
[38;2;147;180;251m│[m   2. This project, shared (.claude/settings.json)                                                [38;2;147;180;251m│[m
[38;2;147;180;251m│[m   3. All my projects (~/.claude/settings.json)                                                   [38;2;147;180;251m│[m
[38;2;147;180;251m╰──────────────────────────────────────────────────────────────────────────────────────────────────╯[m
 [38;2;139;139;147menter to save · esc to back[m
