[38;2;147;180;251m╭──────────────────────────────────────────────────────────────────────────────────────────────────╮[m
[38;2;147;180;251m│[m [1mSettings[m                                                                                         [38;2;147;180;251m│[m
[38;2;147;180;251m│[m                                                                                                  [38;2;147;180;251m│[m
[38;2;147;180;251m│[m [38;2;147;180;251m[Config][m [38;2;139;139;147m Status [m [38;2;139;139;147m Usage [m [38;2;139;139;147m Stats [m                                                                [38;2;147;180;251m│[m
[38;2;147;180;251m│[m                                                                                                  [38;2;147;180;251m│[m
[38;2;147;180;251m│[m [1mModel and thinking[m                                                                               [38;2;147;180;251m│[m
[38;2;147;180;251m│[m   Model                           default[38;2;139;139;147m ›[m                                                      [38;2;147;180;251m│[m
[38;2;147;180;251m│[m   Effort                          high[38;2;139;139;147m ›[m                                                         [38;2;147;180;251m│[m
[38;2;147;180;251m│[m   Extended thinking               [38;2;111;194;139mon[m                                                             [38;2;147;180;251m│[m
[38;2;147;180;251m│[m [38;2;147;180;251m❯[m [38;2;147;180;251mFast mode                     [m  [38;2;139;139;147moff[m[38;2;139;139;147m ›[m                                                          [38;2;147;180;251m│[m
[38;2;147;180;251m│[m   Output style                    default[38;2;139;139;147m ›[m                                                      [38;2;147;180;251m│[m
[38;2;147;180;251m│[m   Response language               [38;2;139;139;147mdefault[m                                                        [38;2;147;180;251m│[m
[38;2;147;180;251m│[m [1mDisplay[m                                                                                          [38;2;147;180;251m│[m
[38;2;147;180;251m│[m   Theme                           dark[38;2;139;139;147m ›[m                                                         [38;2;147;180;251m│[m
[38;2;147;180;251m│[m   Verbose output                  [38;2;139;139;147moff[m                                                            [38;2;147;180;251m│[m
[38;2;147;180;251m│[m   Turn duration                   [38;2;111;194;139mon[m                                                             [38;2;147;180;251m│[m
[38;2;147;180;251m│[m   Message timestamps              [38;2;139;139;147moff[m                                                            [38;2;147;180;251m│[m
[38;2;147;180;251m│[m   Time format                     auto                                                           [38;2;147;180;251m│[m
[38;2;147;180;251m│[m   Tips while working              [38;2;111;194;139mon[m                                                             [38;2;147;180;251m│[m
[38;2;147;180;251m│[m   Reduce motion                   [38;2;139;139;147moff[m                                                            [38;2;147;180;251m│[m
[38;2;147;180;251m│[m   Terminal progress bar           [38;2;111;194;139mon[m                                                             [38;2;147;180;251m│[m
[38;2;147;180;251m│[m   Task list                       [38;2;111;194;139mon[m                                                             [38;2;147;180;251m│[m
[38;2;147;180;251m│[m [38;2;139;139;147m↓ 36 more[m                                                                                        [38;2;147;180;251m│[m
[38;2;147;180;251m│[m                                                                                                  [38;2;147;180;251m│[m
[38;2;147;180;251m│[m [38;2;139;139;147mFaster output on models that offer it, at a higher price. Opens /fast.[m                           [38;2;147;180;251m│[m
[38;2;147;180;251m╰──────────────────────────────────────────────────────────────────────────────────────────────────╯[m
 [38;2;139;139;147m↑/↓ to move · enter to change · / to search · tab to switch tabs · esc to close[m
