  transcript line 44
  transcript line 45
  transcript line 46
  transcript line 47
  transcript line 48
  transcript line 49
  transcript line 50
  transcript line 51
  transcript line 52
  transcript line 53
  transcript line 54
  transcript line 55
  transcript line 56
  transcript line 57
  transcript line 58
  transcript line 59
  transcript line 60
  transcript line 61
  transcript line 62
  transcript line 63
  transcript line 64
  transcript line 65
  transcript line 66
  transcript line 67
  transcript line 68
  transcript line 69
  transcript line 70
  transcript line 71
  transcript line 72
  transcript line 73
  transcript line 74
  transcript line 75
  transcript line 76
  transcript line 77
  ❯ /add-dir                    Run /add-dir
    /autocompact                Run /autocompact
    /background                 Run /background
    /branch                     Run /branch
❯ /
  footer
