  transcript line 60
  transcript line 61
  transcript line 62
  transcript line 63
  transcript line 64
  transcript line 65
  transcript line 66
  transcript line 67
  transcript line 68
  transcript line 69
  transcript line 70
  transcript line 71
  transcript line 72
  transcript line 73
  transcript line 74
  transcript line 75
  transcript line 76
  transcript line 77
  ❯ /add-dir                Run /add-dir
    /autocompact            Run /autocompact
    /background             Run /background
    /branch                 Run /branch
❯ /
  footer
