[1;38;2;224;149;110mPlugins[m[38;2;139;139;147m · Discover  Installed  [Marketplaces][m

  [38;2;147;180;251m❯ [m[38;2;147;180;251mexample-market        [m  [38;2;139;139;147mgithub · example/market[m
    [38;2;230;227;222mother-market          [m  [38;2;139;139;147mdirectory · ~/src/market[m

  [38;2;139;139;147mtab switch tab · a add · u update · x remove · enter browse · esc close[m
