width=120 rows=3 cursor=34,2 focused=true
see                                                                                                                     |
abcdefghijabcdefghijabcdefghijabcdefghijabcdefghijabcdefghijabcdefghijabcdefghijabcdefghijabcdefghijabcdefghijabcdefghij|
abcdefghijabcdefghijabcdefghij end                                                                                      |
