[38;2;147;180;251m╭──────────────────────────────────────────────────────────────────────────────────────────────────╮[m
[38;2;147;180;251m│[m [1mStatus[m                                                                                           [38;2;147;180;251m│[m
[38;2;147;180;251m│[m                                                                                                  [38;2;147;180;251m│[m
[38;2;147;180;251m│[m [1mSession[m                                                                                          [38;2;147;180;251m│[m
[38;2;147;180;251m│[m   [38;2;139;139;147mmantle          [m  0.1.0                                                                        [38;2;147;180;251m│[m
[38;2;147;180;251m│[m   [38;2;139;139;147mClaude Code     [m  2.1.288                                                                      [38;2;147;180;251m│[m
[38;2;147;180;251m│[m   [38;2;139;139;147mDirectory       [m  /work/repo                                                                   [38;2;147;180;251m│[m
[38;2;147;180;251m│[m                                                                                                  [38;2;147;180;251m│[m
[38;2;147;180;251m│[m [1mAccount[m                                                                                          [38;2;147;180;251m│[m
[38;2;147;180;251m│[m   [38;2;139;139;147mProvider        [m  Anthropic                                                                    [38;2;147;180;251m│[m
[38;2;147;180;251m│[m   [38;2;139;139;147mEmail           [m  user@example.com                                                             [38;2;147;180;251m│[m
[38;2;147;180;251m│[m   [38;2;139;139;147mPlan            [m  Max                                                                          [38;2;147;180;251m│[m
[38;2;147;180;251m│[m   [38;2;139;139;147mCredentials     [m  claude.ai                                                                    [38;2;147;180;251m│[m
[38;2;147;180;251m│[m                                                                                                  [38;2;147;180;251m│[m
[38;2;147;180;251m│[m [1mModel and modes[m                                                                                  [38;2;147;180;251m│[m
[38;2;147;180;251m│[m   [38;2;139;139;147mModel           [m  Opus (claude-opus-5-5)                                                       [38;2;147;180;251m│[m
[38;2;147;180;251m│[m   [38;2;139;139;147mPermission mode [m  Accept edits                                                                 [38;2;147;180;251m│[m
[38;2;147;180;251m│[m   [38;2;139;139;147mOutput style    [m  Default                                                                      [38;2;147;180;251m│[m
[38;2;147;180;251m│[m   [38;2;139;139;147mFast mode       [m  off                                                                          [38;2;147;180;251m│[m
[38;2;147;180;251m│[m   [38;2;139;139;147mSandbox         [m  off                                                                          [38;2;147;180;251m│[m
[38;2;147;180;251m│[m   [38;2;139;139;147mTools           [m  4                                                                            [38;2;147;180;251m│[m
[38;2;147;180;251m│[m                                                                                                  [38;2;147;180;251m│[m
[38;2;147;180;251m│[m [1mMCP servers[m                                                                                      [38;2;147;180;251m│[m
[38;2;147;180;251m│[m   [38;2;139;139;147mSummary         [m  1 connected, 1 needs-auth                                                    [38;2;147;180;251m│[m
[38;2;147;180;251m│[m   [38;2;139;139;147mgithub          [m  connected                                                                    [38;2;147;180;251m│[m
[38;2;147;180;251m│[m   [38;2;139;139;147mlinear          [m  [38;2;231;183;95mneeds-auth[m                                                                   [38;2;147;180;251m│[m
[38;2;147;180;251m│[m [38;2;139;139;147m↓ 7 more[m                                                                                         [38;2;147;180;251m│[m
[38;2;147;180;251m╰──────────────────────────────────────────────────────────────────────────────────────────────────╯[m
 [38;2;139;139;147m↑/↓ to scroll · r to refresh MCP status · esc to close[m
