── width 40 ──
日本語の文章は単語の区切りがないので、幅
に合わせて文字単位で折り返す必要がありま
す。中文也是一样的。한국어 문장은
띄어쓰기가 있습니다.
── width 60 ──
日本語の文章は単語の区切りがないので、幅に合わせて文字単位で
折り返す必要があります。中文也是一样的。한국어 문장은
띄어쓰기가 있습니다.
── width 100 ──
日本語の文章は単語の区切りがないので、幅に合わせて文字単位で折り返す必要があります。中文也是一样的。
한국어 문장은 띄어쓰기가 있습니다.
── width 160 ──
日本語の文章は単語の区切りがないので、幅に合わせて文字単位で折り返す必要があります。中文也是一样的。한국어 문장은 띄어쓰기가 있습니다.
