── width 40 ──
Status: ✅ done, 🚧 in progress, 👩‍💻
developer, 🇯🇵 flag, and 👍🏽 skin tone —
all two cells wide.
── width 60 ──
Status: ✅ done, 🚧 in progress, 👩‍💻 developer, 🇯🇵 flag, and
👍🏽 skin tone — all two cells wide.
── width 100 ──
Status: ✅ done, 🚧 in progress, 👩‍💻 developer, 🇯🇵 flag, and 👍🏽 skin tone — all two cells wide.
── width 160 ──
Status: ✅ done, 🚧 in progress, 👩‍💻 developer, 🇯🇵 flag, and 👍🏽 skin tone — all two cells wide.
