── width 40 ──
Above

[38;2;85;85;85m────────────────────────────────────────[m

Below
── width 60 ──
Above

[38;2;85;85;85m────────────────────────────────────────────────────────────[m

Below
── width 100 ──
Above

[38;2;85;85;85m────────────────────────────────────────────────────────────────────────────────────────────────────[m

Below
── width 160 ──
Above

[38;2;85;85;85m────────────────────────────────────────────────────────────────────────────────────────────────────────────────────────────────────────────────────────────────[m

Below
