── width 40 ──
[38;2;85;85;85m┌──────────────┬───────┬───────────────┐[m
[38;2;85;85;85m│[m [1mLeft[m         [38;2;85;85;85m│[m [1mRight[m [38;2;85;85;85m│[m    [1mCenter[m     [38;2;85;85;85m│[m
[38;2;85;85;85m├──────────────┼───────┼───────────────┤[m
[38;2;85;85;85m│[m a            [38;2;85;85;85m│[m     1 [38;2;85;85;85m│[m       x       [38;2;85;85;85m│[m
[38;2;85;85;85m│[m a much       [38;2;85;85;85m│[m 12345 [38;2;85;85;85m│[m centered text [38;2;85;85;85m│[m
[38;2;85;85;85m│[m longer cell  [38;2;85;85;85m│[m       [38;2;85;85;85m│[m               [38;2;85;85;85m│[m
[38;2;85;85;85m│[m value that   [38;2;85;85;85m│[m       [38;2;85;85;85m│[m               [38;2;85;85;85m│[m
[38;2;85;85;85m│[m will need    [38;2;85;85;85m│[m       [38;2;85;85;85m│[m               [38;2;85;85;85m│[m
[38;2;85;85;85m│[m wrapping     [38;2;85;85;85m│[m       [38;2;85;85;85m│[m               [38;2;85;85;85m│[m
[38;2;85;85;85m└──────────────┴───────┴───────────────┘[m
── width 60 ──
[38;2;85;85;85m┌──────────────────────────────────┬───────┬───────────────┐[m
[38;2;85;85;85m│[m [1mLeft[m                             [38;2;85;85;85m│[m [1mRight[m [38;2;85;85;85m│[m    [1mCenter[m     [38;2;85;85;85m│[m
[38;2;85;85;85m├──────────────────────────────────┼───────┼───────────────┤[m
[38;2;85;85;85m│[m a                                [38;2;85;85;85m│[m     1 [38;2;85;85;85m│[m       x       [38;2;85;85;85m│[m
[38;2;85;85;85m│[m a much longer cell value that    [38;2;85;85;85m│[m 12345 [38;2;85;85;85m│[m centered text [38;2;85;85;85m│[m
[38;2;85;85;85m│[m will need wrapping               [38;2;85;85;85m│[m       [38;2;85;85;85m│[m               [38;2;85;85;85m│[m
[38;2;85;85;85m└──────────────────────────────────┴───────┴───────────────┘[m
── width 100 ──
[38;2;85;85;85m┌──────────────────────────────────────────────────┬───────┬───────────────┐[m
[38;2;85;85;85m│[m [1mLeft[m                                             [38;2;85;85;85m│[m [1mRight[m [38;2;85;85;85m│[m    [1mCenter[m     [38;2;85;85;85m│[m
[38;2;85;85;85m├──────────────────────────────────────────────────┼───────┼───────────────┤[m
[38;2;85;85;85m│[m a                                                [38;2;85;85;85m│[m     1 [38;2;85;85;85m│[m       x       [38;2;85;85;85m│[m
[38;2;85;85;85m│[m a much longer cell value that will need wrapping [38;2;85;85;85m│[m 12345 [38;2;85;85;85m│[m centered text [38;2;85;85;85m│[m
[38;2;85;85;85m└──────────────────────────────────────────────────┴───────┴───────────────┘[m
── width 160 ──
[38;2;85;85;85m┌──────────────────────────────────────────────────┬───────┬───────────────┐[m
[38;2;85;85;85m│[m [1mLeft[m                                             [38;2;85;85;85m│[m [1mRight[m [38;2;85;85;85m│[m    [1mCenter[m     [38;2;85;85;85m│[m
[38;2;85;85;85m├──────────────────────────────────────────────────┼───────┼───────────────┤[m
[38;2;85;85;85m│[m a                                                [38;2;85;85;85m│[m     1 [38;2;85;85;85m│[m       x       [38;2;85;85;85m│[m
[38;2;85;85;85m│[m a much longer cell value that will need wrapping [38;2;85;85;85m│[m 12345 [38;2;85;85;85m│[m centered text [38;2;85;85;85m│[m
[38;2;85;85;85m└──────────────────────────────────────────────────┴───────┴───────────────┘[m
