── width 40 ──
[1mone:[m alpha
[1mtwo:[m beta
[1mthree:[m gamma
[1mfour:[m delta
[1mfive:[m epsilon
[1msix:[m zeta
[1mseven:[m eta
[1meight:[m theta
[1mnine:[m iota
[1mten:[m kappa
── width 60 ──
[1mone:[m alpha
[1mtwo:[m beta
[1mthree:[m gamma
[1mfour:[m delta
[1mfive:[m epsilon
[1msix:[m zeta
[1mseven:[m eta
[1meight:[m theta
[1mnine:[m iota
[1mten:[m kappa
── width 100 ──
[38;2;85;85;85m┌───────┬──────┬───────┬───────┬─────────┬──────┬───────┬───────┬──────┬───────┐[m
[38;2;85;85;85m│[m [1mone[m   [38;2;85;85;85m│[m [1mtwo[m  [38;2;85;85;85m│[m [1mthree[m [38;2;85;85;85m│[m [1mfour[m  [38;2;85;85;85m│[m [1mfive[m    [38;2;85;85;85m│[m [1msix[m  [38;2;85;85;85m│[m [1mseven[m [38;2;85;85;85m│[m [1meight[m [38;2;85;85;85m│[m [1mnine[m [38;2;85;85;85m│[m [1mten[m   [38;2;85;85;85m│[m
[38;2;85;85;85m├───────┼──────┼───────┼───────┼─────────┼──────┼───────┼───────┼──────┼───────┤[m
[38;2;85;85;85m│[m alpha [38;2;85;85;85m│[m beta [38;2;85;85;85m│[m gamma [38;2;85;85;85m│[m delta [38;2;85;85;85m│[m epsilon [38;2;85;85;85m│[m zeta [38;2;85;85;85m│[m eta   [38;2;85;85;85m│[m theta [38;2;85;85;85m│[m iota [38;2;85;85;85m│[m kappa [38;2;85;85;85m│[m
[38;2;85;85;85m└───────┴──────┴───────┴───────┴─────────┴──────┴───────┴───────┴──────┴───────┘[m
── width 160 ──
[38;2;85;85;85m┌───────┬──────┬───────┬───────┬─────────┬──────┬───────┬───────┬──────┬───────┐[m
[38;2;85;85;85m│[m [1mone[m   [38;2;85;85;85m│[m [1mtwo[m  [38;2;85;85;85m│[m [1mthree[m [38;2;85;85;85m│[m [1mfour[m  [38;2;85;85;85m│[m [1mfive[m    [38;2;85;85;85m│[m [1msix[m  [38;2;85;85;85m│[m [1mseven[m [38;2;85;85;85m│[m [1meight[m [38;2;85;85;85m│[m [1mnine[m [38;2;85;85;85m│[m [1mten[m   [38;2;85;85;85m│[m
[38;2;85;85;85m├───────┼──────┼───────┼───────┼─────────┼──────┼───────┼───────┼──────┼───────┤[m
[38;2;85;85;85m│[m alpha [38;2;85;85;85m│[m beta [38;2;85;85;85m│[m gamma [38;2;85;85;85m│[m delta [38;2;85;85;85m│[m epsilon [38;2;85;85;85m│[m zeta [38;2;85;85;85m│[m eta   [38;2;85;85;85m│[m theta [38;2;85;85;85m│[m iota [38;2;85;85;85m│[m kappa [38;2;85;85;85m│[m
[38;2;85;85;85m└───────┴──────┴───────┴───────┴─────────┴──────┴───────┴───────┴──────┴───────┘[m
