[38;2;147;180;251m╭──────────────────────────────────────────────────────────────────────────────────────────────────╮[m
[38;2;147;180;251m│[m [1mPermissions[m                                                                                      [38;2;147;180;251m│[m
[38;2;147;180;251m│[m                                                                                                  [38;2;147;180;251m│[m
[38;2;147;180;251m│[m [38;2;147;180;251m[Allow][m [38;2;139;139;147m Ask [m [38;2;139;139;147m Deny [m [38;2;139;139;147m Workspace [m [38;2;139;139;147m Auto mode [m                                                     [38;2;147;180;251m│[m
[38;2;147;180;251m│[m [38;2;139;139;147mClaude uses these without asking.[m                                                                [38;2;147;180;251m│[m
[38;2;147;180;251m│[m                                                                                                  [38;2;147;180;251m│[m
[38;2;147;180;251m│[m   [38;2;139;139;147mAdd a new rule…[m                                                                                [38;2;147;180;251m│[m
[38;2;147;180;251m│[m [38;2;147;180;251m❯[m [38;2;147;180;251mBash(npm run test:*)[m  [38;2;139;139;147mLocal · Commands that start with "npm run test"[m                          [38;2;147;180;251m│[m
[38;2;147;180;251m│[m   mcp__github__*  [38;2;139;139;147mLocal · Every tool from the github MCP server[m                                  [38;2;147;180;251m│[m
[38;2;147;180;251m│[m   Bash(git status)  [38;2;139;139;147mUser · The command "git status"[m                                              [38;2;147;180;251m│[m
[38;2;147;180;251m│[m   WebFetch(domain:example.com)  [38;2;139;139;147mUser · Fetching pages from example.com[m                           [38;2;147;180;251m│[m
[38;2;147;180;251m╰──────────────────────────────────────────────────────────────────────────────────────────────────╯[m
 [38;2;139;139;147mtab to switch tabs · ↑/↓ to move · enter to add or remove · esc to close[m
