[38;2;158;166;243m╭─[m[1;38;2;158;166;243m Permission [m[38;2;158;166;243m─────────────────────────────────────────────────────────────────────────────────────╮[m
[38;2;158;166;243m│[m Bash command                                                                                     [38;2;158;166;243m│[m
[38;2;158;166;243m│[m                                                                                                  [38;2;158;166;243m│[m
[38;2;158;166;243m│[m   rm -rf build/                                                                                  [38;2;158;166;243m│[m
[38;2;158;166;243m│[m   Remove the build directory                                                                     [38;2;158;166;243m│[m
[38;2;158;166;243m│[m                                                                                                  [38;2;158;166;243m│[m
[38;2;158;166;243m│[m [38;2;139;139;147menter to confirm · esc to cancel[m                                                                 [38;2;158;166;243m│[m
[38;2;158;166;243m╰──────────────────────────────────────────────────────────────────────────────────────────────────╯[m
