[38;2;147;180;251m╭──────────────────────────────────────────────────────────────────────────────────────────────────────────────────────────────────────────────────────────────╮[m
[38;2;147;180;251m│[m [1mTerminal setup[m                                                                                                                                               [38;2;147;180;251m│[m
[38;2;147;180;251m│[m                                                                                                                                                              [38;2;147;180;251m│[m
[38;2;147;180;251m│[m Terminal: VS Code                                                                                                                                            [38;2;147;180;251m│[m
[38;2;147;180;251m│[m [38;2;139;139;147mConfig: ~/Library/Application Support/Code/User/keybindings.json[m                                                                                             [38;2;147;180;251m│[m
[38;2;147;180;251m│[m                                                                                                                                                              [38;2;147;180;251m│[m
[38;2;147;180;251m│[m Add a Shift+Enter binding that sends a newline to the terminal.                                                                                              [38;2;147;180;251m│[m
[38;2;147;180;251m│[m                                                                                                                                                              [38;2;147;180;251m│[m
[38;2;147;180;251m│[m Proposed change:                                                                                                                                             [38;2;147;180;251m│[m
[38;2;147;180;251m│[m [38;2;139;139;147m--- keybindings.json[m                                                                                                                                         [38;2;147;180;251m│[m
[38;2;147;180;251m│[m [38;2;139;139;147m+++ keybindings.json[m                                                                                                                                         [38;2;147;180;251m│[m
[38;2;147;180;251m│[m [38;2;139;139;147m@@ -1,2 +1,8 @@[m                                                                                                                                              [38;2;147;180;251m│[m
[38;2;147;180;251m│[m [38;2;139;139;147m [[m                                                                                                                                                           [38;2;147;180;251m│[m
[38;2;147;180;251m│[m [38;2;111;194;139m+  {[m                                                                                                                                                         [38;2;147;180;251m│[m
[38;2;147;180;251m│[m [38;2;111;194;139m+    "key": "shift+enter",[m                                                                                                                                   [38;2;147;180;251m│[m
[38;2;147;180;251m│[m [38;2;111;194;139m+    "command": "workbench.action.terminal.sendSequence"[m                                                                                                     [38;2;147;180;251m│[m
[38;2;147;180;251m│[m [38;2;111;194;139m+  }[m                                                                                                                                                         [38;2;147;180;251m│[m
[38;2;147;180;251m│[m [38;2;139;139;147m ][m                                                                                                                                                           [38;2;147;180;251m│[m
[38;2;147;180;251m╰──────────────────────────────────────────────────────────────────────────────────────────────────────────────────────────────────────────────────────────────╯[m
 [38;2;139;139;147menter to apply (a backup is kept) · ↑/↓ to scroll · esc to cancel[m
