[38;2;147;180;251m╭──────────────────────────────────────────────────────────────────────────────────────────────────────────────────────────────────────────────────────────────╮[m
[38;2;147;180;251m│[m [1mModel[m                                                                                                                                                        [38;2;147;180;251m│[m
[38;2;147;180;251m│[m [38;2;139;139;147mPick the model for this and future sessions. Use the arrows to set its effort.[m                                                                               [38;2;147;180;251m│[m
[38;2;147;180;251m│[m                                                                                                                                                              [38;2;147;180;251m│[m
[38;2;147;180;251m│[m   1. Default (recommended) [38;2;111;194;139m✔[m  [38;2;139;139;147mAccount default model[m                                                                                                          [38;2;147;180;251m│[m
[38;2;147;180;251m│[m   2. Fable                    [38;2;139;139;147mLargest model for the hardest tasks[m                                                                                            [38;2;147;180;251m│[m
[38;2;147;180;251m│[m [38;2;147;180;251m❯[m 3. [38;2;147;180;251mOpus                 [m    [38;2;139;139;147mStrong all-round model[m                                                                                                         [38;2;147;180;251m│[m
[38;2;147;180;251m│[m   4. Sonnet                   [38;2;139;139;147mFast everyday model[m                                                                                                            [38;2;147;180;251m│[m
[38;2;147;180;251m│[m   5. Haiku                    [38;2;139;139;147mSmallest and quickest model[m                                                                                                    [38;2;147;180;251m│[m
[38;2;147;180;251m│[m                                                                                                                                                              [38;2;147;180;251m│[m
[38;2;147;180;251m│[m Effort  [38;2;139;139;147m○ low[m  [38;2;147;180;251m● medium[m  [38;2;139;139;147m○ high[m  [38;2;139;139;147m○ xhigh[m  [38;2;139;139;147m○ max[m[38;2;139;139;147m  · thinking always on[m                                                                                        [38;2;147;180;251m│[m
[38;2;147;180;251m╰──────────────────────────────────────────────────────────────────────────────────────────────────────────────────────────────────────────────────────────────╯[m
 [38;2;139;139;147menter to choose · s to use for this session only · ←/→ to change effort · esc to cancel[m
