[38;2;147;180;251m╭──────────────────────────────────────────────────────────────────────────────────────────────────╮[m
[38;2;147;180;251m│[m [1mHelp[m                                                                                             [38;2;147;180;251m│[m
[38;2;147;180;251m│[m                                                                                                  [38;2;147;180;251m│[m
[38;2;147;180;251m│[m [38;2;147;180;251m[Commands][m [38;2;139;139;147m Shortcuts [m                                                                           [38;2;147;180;251m│[m
[38;2;147;180;251m│[m                                                                                                  [38;2;147;180;251m│[m
[38;2;147;180;251m│[m [1mClaude Code[m                                                                                      [38;2;147;180;251m│[m
[38;2;147;180;251m│[m   /compact [instructions]  [38;2;139;139;147mSummarise the conversation to free context[m                            [38;2;147;180;251m│[m
[38;2;147;180;251m│[m   /context                 [38;2;139;139;147mShow context usage[m                                                    [38;2;147;180;251m│[m
[38;2;147;180;251m│[m                                                                                                  [38;2;147;180;251m│[m
[38;2;147;180;251m│[m [1mCustom commands[m                                                                                  [38;2;147;180;251m│[m
[38;2;147;180;251m│[m   /review-pr <number>      [38;2;139;139;147mReview a pull request[m                                                 [38;2;147;180;251m│[m
[38;2;147;180;251m│[m                                                                                                  [38;2;147;180;251m│[m
[38;2;147;180;251m│[m [1mMCP prompts[m                                                                                      [38;2;147;180;251m│[m
[38;2;147;180;251m│[m   /mcp__github__triage     [38;2;139;139;147mTriage issues[m                                                         [38;2;147;180;251m│[m
[38;2;147;180;251m╰──────────────────────────────────────────────────────────────────────────────────────────────────╯[m
 [38;2;139;139;147mtab to switch tabs · / to search · ↑/↓ to scroll · esc to close[m
