[1;38;2;224;149;110mPlugins[m[38;2;139;139;147m · [Discover]  Installed  Marketplaces[m

  [38;2;139;139;147mShowing all marketplaces[m

  [38;2;147;180;251m❯ [m[38;2;139;139;147m [m [38;2;147;180;251mformatter           [m  [38;2;139;139;147m@example-market · 54.0k installs · Formats code on save[m
    [38;2;111;194;139m✓[m [38;2;230;227;222mdemo                [m  [38;2;139;139;147m@example-market · 1.2k installs · A demo plugin[m
    [38;2;111;194;139m✓[m [38;2;230;227;222mlinter              [m  [38;2;139;139;147m@other-market · 300 installs · Lints as you go[m
    [38;2;139;139;147m [m [38;2;230;227;222mnotes               [m  [38;2;139;139;147m@other-market · Keeps project notes[m

  [38;2;139;139;147mtab switch tab · / search · i install · f favorite · ctrl+s marketplace · enter details · esc close[m
